11:07:07 **** Clean-only build of configuration Debug for project hello_world ****
make clean 
Cannot run program "make": The directory name is invalid.

11:07:07 **** Clean-only build of project hello_world_bsp ****
make -k clean 
rm -rf microblaze_0
11:07:08 **** Build of project hello_world_bsp ****
make -k all 
libgen -hw ../basic_system_hw_platform/system.xml\
	       -lp D:/work/lprs2/2013_2014/Resene_vezbe/lab45/basic_system\
	       -pe microblaze_0 \
	       -log libgen.log \
	       system.mss
libgen
Xilinx EDK 14.6 Build EDK_P.68d
Copyright (c) 1995-2012 Xilinx, Inc.  All rights reserved.

Command Line: libgen -hw ../basic_system_hw_platform/system.xml -lp
D:/work/lprs2/2013_2014/Resene_vezbe/lab45/basic_system -pe microblaze_0 -log
libgen.log system.mss 


Staging source files.
Running DRCs.
Running generate.
Running post_generate.
Running include - 'make -s include "COMPILER=mb-gcc" "ARCHIVER=mb-ar"
"COMPILER_FLAGS=-mlittle-endian -mno-xl-soft-mul -mxl-barrel-shift
-mxl-pattern-compare -mcpu=v8.50.b  -O2 -c" "EXTRA_COMPILER_FLAGS=-g
-ffunction-sections -fdata-sections"'.

Running libs - 'make -s libs "COMPILER=mb-gcc" "ARCHIVER=mb-ar"
"COMPILER_FLAGS=-mlittle-endian -mno-xl-soft-mul -mxl-barrel-shift
-mxl-pattern-compare -mcpu=v8.50.b  -O2 -c" "EXTRA_COMPILER_FLAGS=-g
-ffunction-sections -fdata-sections"'.
"Compiling common"
"Compiling standalone";
"Compiling uartlite"
"Compiling bram"
"Compiling cpu"
Running execs_generate.
'Finished building libraries'
11:07:36 **** Clean-only build of configuration Debug for project hello_world ****
make clean 
rm -rf  ./src/helloworld.o ./src/platform.o  ./src/helloworld.d ./src/platform.d  hello_world.elf.size  hello_world.elf.elfcheck  hello_world.elf
' '
11:07:36 **** Clean-only build of project hello_world_bsp ****
make -k clean 
rm -rf microblaze_0
11:07:36 **** Build of project hello_world_bsp ****
make -k all 
libgen -hw ../basic_system_hw_platform/system.xml\
	       -lp D:/work/lprs2/2013_2014/Resene_vezbe/lab45/basic_system\
	       -pe microblaze_0 \
	       -log libgen.log \
	       system.mss
libgen
Xilinx EDK 14.6 Build EDK_P.68d
Copyright (c) 1995-2012 Xilinx, Inc.  All rights reserved.

Command Line: libgen -hw ../basic_system_hw_platform/system.xml -lp
D:/work/lprs2/2013_2014/Resene_vezbe/lab45/basic_system -pe microblaze_0 -log
libgen.log system.mss 


Staging source files.
Running DRCs.
Running generate.
Running post_generate.
Running include - 'make -s include "COMPILER=mb-gcc" "ARCHIVER=mb-ar"
"COMPILER_FLAGS=-mlittle-endian -mno-xl-soft-mul -mxl-barrel-shift
-mxl-pattern-compare -mcpu=v8.50.b  -O2 -c" "EXTRA_COMPILER_FLAGS=-g
-ffunction-sections -fdata-sections"'.

Running libs - 'make -s libs "COMPILER=mb-gcc" "ARCHIVER=mb-ar"
"COMPILER_FLAGS=-mlittle-endian -mno-xl-soft-mul -mxl-barrel-shift
-mxl-pattern-compare -mcpu=v8.50.b  -O2 -c" "EXTRA_COMPILER_FLAGS=-g
-ffunction-sections -fdata-sections"'.
"Compiling common"
"Compiling standalone";
"Compiling uartlite"
"Compiling bram"
"Compiling cpu"
Running execs_generate.
'Finished building libraries'
11:07:41 **** Build of configuration Debug for project hello_world ****
make all 
'Building file: ../src/helloworld.c'
'Invoking: MicroBlaze gcc compiler'
mb-gcc -Wall -O0 -g3 -c -fmessage-length=0 -I../../hello_world_bsp/microblaze_0/include -mlittle-endian -mxl-barrel-shift -mxl-pattern-compare -mcpu=v8.50.b -mno-xl-soft-mul -Wl,--no-relax -ffunction-sections -fdata-sections -MMD -MP -MF"src/helloworld.d" -MT"src/helloworld.d" -o "src/helloworld.o" "../src/helloworld.c"
'Finished building: ../src/helloworld.c'
' '
'Building file: ../src/platform.c'
'Invoking: MicroBlaze gcc compiler'
mb-gcc -Wall -O0 -g3 -c -fmessage-length=0 -I../../hello_world_bsp/microblaze_0/include -mlittle-endian -mxl-barrel-shift -mxl-pattern-compare -mcpu=v8.50.b -mno-xl-soft-mul -Wl,--no-relax -ffunction-sections -fdata-sections -MMD -MP -MF"src/platform.d" -MT"src/platform.d" -o "src/platform.o" "../src/platform.c"
'Finished building: ../src/platform.c'
' '
'Building file: ../src/vga_periph_mem.c'
'Invoking: MicroBlaze gcc compiler'
mb-gcc -Wall -O0 -g3 -c -fmessage-length=0 -I../../hello_world_bsp/microblaze_0/include -mlittle-endian -mxl-barrel-shift -mxl-pattern-compare -mcpu=v8.50.b -mno-xl-soft-mul -Wl,--no-relax -ffunction-sections -fdata-sections -MMD -MP -MF"src/vga_periph_mem.d" -MT"src/vga_periph_mem.d" -o "src/vga_periph_mem.o" "../src/vga_periph_mem.c"
'Finished building: ../src/vga_periph_mem.c'
' '
'Building target: hello_world.elf'
'Invoking: MicroBlaze gcc linker'
mb-gcc -Wl,-T -Wl,../src/lscript.ld -L../../hello_world_bsp/microblaze_0/lib -mlittle-endian -mxl-barrel-shift -mxl-pattern-compare -mcpu=v8.50.b -mno-xl-soft-mul -Wl,--no-relax -Wl,--gc-sections -o "hello_world.elf"  ./src/helloworld.o ./src/platform.o ./src/vga_periph_mem.o   -Wl,--start-group,-lxil,-lgcc,-lc,--end-group
'Finished building target: hello_world.elf'
' '
'Invoking: MicroBlaze Print Size'
mb-size hello_world.elf  |tee "hello_world.elf.size"
   text	   data	    bss	    dec	    hex	filename
   3094	    268	   2088	   5450	   154a	hello_world.elf
'Finished building: hello_world.elf.size'
' '
'Invoking: Xilinx ELF Check'
elfcheck hello_world.elf -hw ../../basic_system_hw_platform/system.xml -pe microblaze_0  |tee "hello_world.elf.elfcheck"
elfcheck
Xilinx EDK 14.6 Build EDK_P.68d
Copyright (c) 1995-2012 Xilinx, Inc.  All rights reserved.

Command Line: elfcheck -hw ../../basic_system_hw_platform/system.xml -pe
microblaze_0 hello_world.elf 

ELF file	: hello_world.elf
elfcheck passed.
'Finished building: hello_world.elf.elfcheck'
' '
11:19:53 **** Auto Build of project hello_world_bsp ****
make -k all 
'Finished building libraries'
11:20:06 **** Incremental Build of configuration Debug for project hello_world ****
make all 
make: Ništa za napraviti za `all'.
11:24:25 **** Auto Build of configuration Debug for project hello_world ****
make all 
'Building file: ../src/helloworld.c'
'Invoking: MicroBlaze gcc compiler'
mb-gcc -Wall -O0 -g3 -c -fmessage-length=0 -I../../hello_world_bsp/microblaze_0/include -mlittle-endian -mxl-barrel-shift -mxl-pattern-compare -mcpu=v8.50.b -mno-xl-soft-mul -Wl,--no-relax -ffunction-sections -fdata-sections -MMD -MP -MF"src/helloworld.d" -MT"src/helloworld.d" -o "src/helloworld.o" "../src/helloworld.c"
'Finished building: ../src/helloworld.c'
' '
'Building target: hello_world.elf'
'Invoking: MicroBlaze gcc linker'
mb-gcc -Wl,-T -Wl,../src/lscript.ld -L../../hello_world_bsp/microblaze_0/lib -mlittle-endian -mxl-barrel-shift -mxl-pattern-compare -mcpu=v8.50.b -mno-xl-soft-mul -Wl,--no-relax -Wl,--gc-sections -o "hello_world.elf"  ./src/helloworld.o ./src/platform.o ./src/vga_periph_mem.o   -Wl,--start-group,-lxil,-lgcc,-lc,--end-group
'Finished building target: hello_world.elf'
' '
'Invoking: MicroBlaze Print Size'
mb-size hello_world.elf  |tee "hello_world.elf.size"
   text	   data	    bss	    dec	    hex	filename
   3094	    268	   2088	   5450	   154a	hello_world.elf
'Finished building: hello_world.elf.size'
' '
'Invoking: Xilinx ELF Check'
elfcheck hello_world.elf -hw ../../basic_system_hw_platform/system.xml -pe microblaze_0  |tee "hello_world.elf.elfcheck"
elfcheck
Xilinx EDK 14.6 Build EDK_P.68d
Copyright (c) 1995-2012 Xilinx, Inc.  All rights reserved.

Command Line: elfcheck -hw ../../basic_system_hw_platform/system.xml -pe
microblaze_0 hello_world.elf 

ELF file	: hello_world.elf
elfcheck passed.
'Finished building: hello_world.elf.elfcheck'
' '
11:32:11 **** Auto Build of configuration Debug for project hello_world ****
make all 
'Building file: ../src/vga_periph_mem.c'
'Invoking: MicroBlaze gcc compiler'
mb-gcc -Wall -O0 -g3 -c -fmessage-length=0 -I../../hello_world_bsp/microblaze_0/include -mlittle-endian -mxl-barrel-shift -mxl-pattern-compare -mcpu=v8.50.b -mno-xl-soft-mul -Wl,--no-relax -ffunction-sections -fdata-sections -MMD -MP -MF"src/vga_periph_mem.d" -MT"src/vga_periph_mem.d" -o "src/vga_periph_mem.o" "../src/vga_periph_mem.c"
../src/vga_periph_mem.c:58:1: error: expected identifier or '(' before '}' token
make: *** [src/vga_periph_mem.o] Greška 1
11:32:15 **** Auto Build of configuration Debug for project hello_world ****
make all 
'Building file: ../src/vga_periph_mem.c'
'Invoking: MicroBlaze gcc compiler'
mb-gcc -Wall -O0 -g3 -c -fmessage-length=0 -I../../hello_world_bsp/microblaze_0/include -mlittle-endian -mxl-barrel-shift -mxl-pattern-compare -mcpu=v8.50.b -mno-xl-soft-mul -Wl,--no-relax -ffunction-sections -fdata-sections -MMD -MP -MF"src/vga_periph_mem.d" -MT"src/vga_periph_mem.d" -o "src/vga_periph_mem.o" "../src/vga_periph_mem.c"
'Finished building: ../src/vga_periph_mem.c'
' '
'Building target: hello_world.elf'
'Invoking: MicroBlaze gcc linker'
mb-gcc -Wl,-T -Wl,../src/lscript.ld -L../../hello_world_bsp/microblaze_0/lib -mlittle-endian -mxl-barrel-shift -mxl-pattern-compare -mcpu=v8.50.b -mno-xl-soft-mul -Wl,--no-relax -Wl,--gc-sections -o "hello_world.elf"  ./src/helloworld.o ./src/platform.o ./src/vga_periph_mem.o   -Wl,--start-group,-lxil,-lgcc,-lc,--end-group
'Finished building target: hello_world.elf'
' '
'Invoking: MicroBlaze Print Size'
mb-size hello_world.elf  |tee "hello_world.elf.size"
   text	   data	    bss	    dec	    hex	filename
   3094	    268	   2088	   5450	   154a	hello_world.elf
'Finished building: hello_world.elf.size'
' '
'Invoking: Xilinx ELF Check'
elfcheck hello_world.elf -hw ../../basic_system_hw_platform/system.xml -pe microblaze_0  |tee "hello_world.elf.elfcheck"
elfcheck
Xilinx EDK 14.6 Build EDK_P.68d
Copyright (c) 1995-2012 Xilinx, Inc.  All rights reserved.

Command Line: elfcheck -hw ../../basic_system_hw_platform/system.xml -pe
microblaze_0 hello_world.elf 

ELF file	: hello_world.elf
elfcheck passed.
'Finished building: hello_world.elf.elfcheck'
' '
11:32:39 **** Auto Build of configuration Debug for project hello_world ****
make all 
'Building file: ../src/vga_periph_mem.c'
'Invoking: MicroBlaze gcc compiler'
mb-gcc -Wall -O0 -g3 -c -fmessage-length=0 -I../../hello_world_bsp/microblaze_0/include -mlittle-endian -mxl-barrel-shift -mxl-pattern-compare -mcpu=v8.50.b -mno-xl-soft-mul -Wl,--no-relax -ffunction-sections -fdata-sections -MMD -MP -MF"src/vga_periph_mem.d" -MT"src/vga_periph_mem.d" -o "src/vga_periph_mem.o" "../src/vga_periph_mem.c"
'Finished building: ../src/vga_periph_mem.c'
' '
'Building target: hello_world.elf'
'Invoking: MicroBlaze gcc linker'
mb-gcc -Wl,-T -Wl,../src/lscript.ld -L../../hello_world_bsp/microblaze_0/lib -mlittle-endian -mxl-barrel-shift -mxl-pattern-compare -mcpu=v8.50.b -mno-xl-soft-mul -Wl,--no-relax -Wl,--gc-sections -o "hello_world.elf"  ./src/helloworld.o ./src/platform.o ./src/vga_periph_mem.o   -Wl,--start-group,-lxil,-lgcc,-lc,--end-group
'Finished building target: hello_world.elf'
' '
'Invoking: MicroBlaze Print Size'
mb-size hello_world.elf  |tee "hello_world.elf.size"
   text	   data	    bss	    dec	    hex	filename
   3094	    268	   2088	   5450	   154a	hello_world.elf
'Finished building: hello_world.elf.size'
' '
'Invoking: Xilinx ELF Check'
elfcheck hello_world.elf -hw ../../basic_system_hw_platform/system.xml -pe microblaze_0  |tee "hello_world.elf.elfcheck"
elfcheck
Xilinx EDK 14.6 Build EDK_P.68d
Copyright (c) 1995-2012 Xilinx, Inc.  All rights reserved.

Command Line: elfcheck -hw ../../basic_system_hw_platform/system.xml -pe
microblaze_0 hello_world.elf 

ELF file	: hello_world.elf
elfcheck passed.
'Finished building: hello_world.elf.elfcheck'
' '
11:33:47 **** Auto Build of configuration Debug for project hello_world ****
make all 
'Building file: ../src/vga_periph_mem.c'
'Invoking: MicroBlaze gcc compiler'
mb-gcc -Wall -O0 -g3 -c -fmessage-length=0 -I../../hello_world_bsp/microblaze_0/include -mlittle-endian -mxl-barrel-shift -mxl-pattern-compare -mcpu=v8.50.b -mno-xl-soft-mul -Wl,--no-relax -ffunction-sections -fdata-sections -MMD -MP -MF"src/vga_periph_mem.d" -MT"src/vga_periph_mem.d" -o "src/vga_periph_mem.o" "../src/vga_periph_mem.c"
'Finished building: ../src/vga_periph_mem.c'
' '
'Building target: hello_world.elf'
'Invoking: MicroBlaze gcc linker'
mb-gcc -Wl,-T -Wl,../src/lscript.ld -L../../hello_world_bsp/microblaze_0/lib -mlittle-endian -mxl-barrel-shift -mxl-pattern-compare -mcpu=v8.50.b -mno-xl-soft-mul -Wl,--no-relax -Wl,--gc-sections -o "hello_world.elf"  ./src/helloworld.o ./src/platform.o ./src/vga_periph_mem.o   -Wl,--start-group,-lxil,-lgcc,-lc,--end-group
'Finished building target: hello_world.elf'
' '
'Invoking: MicroBlaze Print Size'
mb-size hello_world.elf  |tee "hello_world.elf.size"
   text	   data	    bss	    dec	    hex	filename
   3094	    268	   2088	   5450	   154a	hello_world.elf
'Finished building: hello_world.elf.size'
' '
'Invoking: Xilinx ELF Check'
elfcheck hello_world.elf -hw ../../basic_system_hw_platform/system.xml -pe microblaze_0  |tee "hello_world.elf.elfcheck"
elfcheck
Xilinx EDK 14.6 Build EDK_P.68d
Copyright (c) 1995-2012 Xilinx, Inc.  All rights reserved.

Command Line: elfcheck -hw ../../basic_system_hw_platform/system.xml -pe
microblaze_0 hello_world.elf 

ELF file	: hello_world.elf
elfcheck passed.
'Finished building: hello_world.elf.elfcheck'
' '
11:33:51 **** Auto Build of configuration Debug for project hello_world ****
make all 
'Building file: ../src/vga_periph_mem.c'
'Invoking: MicroBlaze gcc compiler'
mb-gcc -Wall -O0 -g3 -c -fmessage-length=0 -I../../hello_world_bsp/microblaze_0/include -mlittle-endian -mxl-barrel-shift -mxl-pattern-compare -mcpu=v8.50.b -mno-xl-soft-mul -Wl,--no-relax -ffunction-sections -fdata-sections -MMD -MP -MF"src/vga_periph_mem.d" -MT"src/vga_periph_mem.d" -o "src/vga_periph_mem.o" "../src/vga_periph_mem.c"
'Finished building: ../src/vga_periph_mem.c'
' '
'Building target: hello_world.elf'
'Invoking: MicroBlaze gcc linker'
mb-gcc -Wl,-T -Wl,../src/lscript.ld -L../../hello_world_bsp/microblaze_0/lib -mlittle-endian -mxl-barrel-shift -mxl-pattern-compare -mcpu=v8.50.b -mno-xl-soft-mul -Wl,--no-relax -Wl,--gc-sections -o "hello_world.elf"  ./src/helloworld.o ./src/platform.o ./src/vga_periph_mem.o   -Wl,--start-group,-lxil,-lgcc,-lc,--end-group
'Finished building target: hello_world.elf'
' '
'Invoking: MicroBlaze Print Size'
mb-size hello_world.elf  |tee "hello_world.elf.size"
   text	   data	    bss	    dec	    hex	filename
   3094	    268	   2088	   5450	   154a	hello_world.elf
'Finished building: hello_world.elf.size'
' '
'Invoking: Xilinx ELF Check'
elfcheck hello_world.elf -hw ../../basic_system_hw_platform/system.xml -pe microblaze_0  |tee "hello_world.elf.elfcheck"
elfcheck
Xilinx EDK 14.6 Build EDK_P.68d
Copyright (c) 1995-2012 Xilinx, Inc.  All rights reserved.

Command Line: elfcheck -hw ../../basic_system_hw_platform/system.xml -pe
microblaze_0 hello_world.elf 

ELF file	: hello_world.elf
elfcheck passed.
'Finished building: hello_world.elf.elfcheck'
' '
11:34:36 **** Auto Build of configuration Debug for project hello_world ****
make all 
'Building file: ../src/vga_periph_mem.c'
'Invoking: MicroBlaze gcc compiler'
mb-gcc -Wall -O0 -g3 -c -fmessage-length=0 -I../../hello_world_bsp/microblaze_0/include -mlittle-endian -mxl-barrel-shift -mxl-pattern-compare -mcpu=v8.50.b -mno-xl-soft-mul -Wl,--no-relax -ffunction-sections -fdata-sections -MMD -MP -MF"src/vga_periph_mem.d" -MT"src/vga_periph_mem.d" -o "src/vga_periph_mem.o" "../src/vga_periph_mem.c"
'Finished building: ../src/vga_periph_mem.c'
' '
'Building target: hello_world.elf'
'Invoking: MicroBlaze gcc linker'
mb-gcc -Wl,-T -Wl,../src/lscript.ld -L../../hello_world_bsp/microblaze_0/lib -mlittle-endian -mxl-barrel-shift -mxl-pattern-compare -mcpu=v8.50.b -mno-xl-soft-mul -Wl,--no-relax -Wl,--gc-sections -o "hello_world.elf"  ./src/helloworld.o ./src/platform.o ./src/vga_periph_mem.o   -Wl,--start-group,-lxil,-lgcc,-lc,--end-group
'Finished building target: hello_world.elf'
' '
'Invoking: MicroBlaze Print Size'
mb-size hello_world.elf  |tee "hello_world.elf.size"
   text	   data	    bss	    dec	    hex	filename
   3094	    268	   2088	   5450	   154a	hello_world.elf
'Finished building: hello_world.elf.size'
' '
'Invoking: Xilinx ELF Check'
elfcheck hello_world.elf -hw ../../basic_system_hw_platform/system.xml -pe microblaze_0  |tee "hello_world.elf.elfcheck"
elfcheck
Xilinx EDK 14.6 Build EDK_P.68d
Copyright (c) 1995-2012 Xilinx, Inc.  All rights reserved.

Command Line: elfcheck -hw ../../basic_system_hw_platform/system.xml -pe
microblaze_0 hello_world.elf 

ELF file	: hello_world.elf
elfcheck passed.
'Finished building: hello_world.elf.elfcheck'
' '
11:35:22 **** Auto Build of configuration Debug for project hello_world ****
make all 
'Building file: ../src/helloworld.c'
'Invoking: MicroBlaze gcc compiler'
mb-gcc -Wall -O0 -g3 -c -fmessage-length=0 -I../../hello_world_bsp/microblaze_0/include -mlittle-endian -mxl-barrel-shift -mxl-pattern-compare -mcpu=v8.50.b -mno-xl-soft-mul -Wl,--no-relax -ffunction-sections -fdata-sections -MMD -MP -MF"src/helloworld.d" -MT"src/helloworld.d" -o "src/helloworld.o" "../src/helloworld.c"
../src/helloworld.c: In function 'main':
../src/helloworld.c:53:5: error: called object '120' is not a function
../src/helloworld.c:70:5: warning: implicit declaration of function 'print_char' [-Wimplicit-function-declaration]
../src/helloworld.c:70:59: error: expected expression before ')' token
../src/helloworld.c:51:19: warning: unused variable 'letter' [-Wunused-variable]
../src/helloworld.c:74:1: warning: control reaches end of non-void function [-Wreturn-type]
make: *** [src/helloworld.o] Greška 1
11:35:24 **** Auto Build of configuration Debug for project hello_world ****
make all 
'Building file: ../src/helloworld.c'
'Invoking: MicroBlaze gcc compiler'
mb-gcc -Wall -O0 -g3 -c -fmessage-length=0 -I../../hello_world_bsp/microblaze_0/include -mlittle-endian -mxl-barrel-shift -mxl-pattern-compare -mcpu=v8.50.b -mno-xl-soft-mul -Wl,--no-relax -ffunction-sections -fdata-sections -MMD -MP -MF"src/helloworld.d" -MT"src/helloworld.d" -o "src/helloworld.o" "../src/helloworld.c"
../src/helloworld.c: In function 'main':
../src/helloworld.c:70:5: warning: implicit declaration of function 'print_char' [-Wimplicit-function-declaration]
../src/helloworld.c:70:59: error: expected expression before ')' token
../src/helloworld.c:51:19: warning: unused variable 'letter' [-Wunused-variable]
../src/helloworld.c:74:1: warning: control reaches end of non-void function [-Wreturn-type]
make: *** [src/helloworld.o] Greška 1
11:35:33 **** Auto Build of configuration Debug for project hello_world ****
make all 
'Building file: ../src/helloworld.c'
'Invoking: MicroBlaze gcc compiler'
mb-gcc -Wall -O0 -g3 -c -fmessage-length=0 -I../../hello_world_bsp/microblaze_0/include -mlittle-endian -mxl-barrel-shift -mxl-pattern-compare -mcpu=v8.50.b -mno-xl-soft-mul -Wl,--no-relax -ffunction-sections -fdata-sections -MMD -MP -MF"src/helloworld.d" -MT"src/helloworld.d" -o "src/helloworld.o" "../src/helloworld.c"
../src/helloworld.c: In function 'main':
../src/helloworld.c:70:5: warning: implicit declaration of function 'print_char' [-Wimplicit-function-declaration]
'Finished building: ../src/helloworld.c'
' '
'Building target: hello_world.elf'
'Invoking: MicroBlaze gcc linker'
mb-gcc -Wl,-T -Wl,../src/lscript.ld -L../../hello_world_bsp/microblaze_0/lib -mlittle-endian -mxl-barrel-shift -mxl-pattern-compare -mcpu=v8.50.b -mno-xl-soft-mul -Wl,--no-relax -Wl,--gc-sections -o "hello_world.elf"  ./src/helloworld.o ./src/platform.o ./src/vga_periph_mem.o   -Wl,--start-group,-lxil,-lgcc,-lc,--end-group
./src/helloworld.o: In function `main':
C:\Users\student\Desktop\LPRS_lab5\lab5\SDK\SDK_Workspace\hello_world\Debug/../src/helloworld.c:70: undefined reference to `print_char'
collect2: ld returned 1 exit status
make: *** [hello_world.elf] Greška 1
11:35:53 **** Auto Build of configuration Debug for project hello_world ****
make all 
'Building target: hello_world.elf'
'Invoking: MicroBlaze gcc linker'
mb-gcc -Wl,-T -Wl,../src/lscript.ld -L../../hello_world_bsp/microblaze_0/lib -mlittle-endian -mxl-barrel-shift -mxl-pattern-compare -mcpu=v8.50.b -mno-xl-soft-mul -Wl,--no-relax -Wl,--gc-sections -o "hello_world.elf"  ./src/helloworld.o ./src/platform.o ./src/vga_periph_mem.o   -Wl,--start-group,-lxil,-lgcc,-lc,--end-group
./src/helloworld.o: In function `main':
C:\Users\student\Desktop\LPRS_lab5\lab5\SDK\SDK_Workspace\hello_world\Debug/../src/helloworld.c:70: undefined reference to `print_char'
collect2: ld returned 1 exit status
make: *** [hello_world.elf] Greška 1
11:36:02 **** Auto Build of configuration Debug for project hello_world ****
make all 
'Building target: hello_world.elf'
'Invoking: MicroBlaze gcc linker'
mb-gcc -Wl,-T -Wl,../src/lscript.ld -L../../hello_world_bsp/microblaze_0/lib -mlittle-endian -mxl-barrel-shift -mxl-pattern-compare -mcpu=v8.50.b -mno-xl-soft-mul -Wl,--no-relax -Wl,--gc-sections -o "hello_world.elf"  ./src/helloworld.o ./src/platform.o ./src/vga_periph_mem.o   -Wl,--start-group,-lxil,-lgcc,-lc,--end-group
./src/helloworld.o: In function `main':
C:\Users\student\Desktop\LPRS_lab5\lab5\SDK\SDK_Workspace\hello_world\Debug/../src/helloworld.c:70: undefined reference to `print_char'
collect2: ld returned 1 exit status
make: *** [hello_world.elf] Greška 1
11:39:25 **** Clean-only build of configuration Debug for project hello_world ****
make clean 
rm -rf  ./src/helloworld.o ./src/platform.o ./src/vga_periph_mem.o  ./src/helloworld.d ./src/platform.d ./src/vga_periph_mem.d  hello_world.elf.size  hello_world.elf.elfcheck  hello_world.elf
' '
11:39:25 **** Clean-only build of project hello_world_bsp ****
make -k clean 
rm -rf microblaze_0
11:39:25 **** Build of project hello_world_bsp ****
make -k all 
libgen -hw ../basic_system_hw_platform/system.xml\
	       -lp D:/work/lprs2/2013_2014/Resene_vezbe/lab45/basic_system\
	       -pe microblaze_0 \
	       -log libgen.log \
	       system.mss
libgen
Xilinx EDK 14.6 Build EDK_P.68d
Copyright (c) 1995-2012 Xilinx, Inc.  All rights reserved.

Command Line: libgen -hw ../basic_system_hw_platform/system.xml -lp
D:/work/lprs2/2013_2014/Resene_vezbe/lab45/basic_system -pe microblaze_0 -log
libgen.log system.mss 


Staging source files.
Running DRCs.
Running generate.
Running post_generate.
Running include - 'make -s include "COMPILER=mb-gcc" "ARCHIVER=mb-ar"
"COMPILER_FLAGS=-mlittle-endian -mno-xl-soft-mul -mxl-barrel-shift
-mxl-pattern-compare -mcpu=v8.50.b  -O2 -c" "EXTRA_COMPILER_FLAGS=-g
-ffunction-sections -fdata-sections"'.

Running libs - 'make -s libs "COMPILER=mb-gcc" "ARCHIVER=mb-ar"
"COMPILER_FLAGS=-mlittle-endian -mno-xl-soft-mul -mxl-barrel-shift
-mxl-pattern-compare -mcpu=v8.50.b  -O2 -c" "EXTRA_COMPILER_FLAGS=-g
-ffunction-sections -fdata-sections"'.
"Compiling common"
"Compiling standalone";
"Compiling uartlite"
"Compiling bram"
"Compiling cpu"
Running execs_generate.
'Finished building libraries'
11:39:31 **** Build of configuration Debug for project hello_world ****
make all 
'Building file: ../src/helloworld.c'
'Invoking: MicroBlaze gcc compiler'
mb-gcc -Wall -O0 -g3 -c -fmessage-length=0 -I../../hello_world_bsp/microblaze_0/include -mlittle-endian -mxl-barrel-shift -mxl-pattern-compare -mcpu=v8.50.b -mno-xl-soft-mul -Wl,--no-relax -ffunction-sections -fdata-sections -MMD -MP -MF"src/helloworld.d" -MT"src/helloworld.d" -o "src/helloworld.o" "../src/helloworld.c"
'Finished building: ../src/helloworld.c'
' '
'Building file: ../src/platform.c'
'Invoking: MicroBlaze gcc compiler'
mb-gcc -Wall -O0 -g3 -c -fmessage-length=0 -I../../hello_world_bsp/microblaze_0/include -mlittle-endian -mxl-barrel-shift -mxl-pattern-compare -mcpu=v8.50.b -mno-xl-soft-mul -Wl,--no-relax -ffunction-sections -fdata-sections -MMD -MP -MF"src/platform.d" -MT"src/platform.d" -o "src/platform.o" "../src/platform.c"
'Finished building: ../src/platform.c'
' '
'Building file: ../src/vga_periph_mem.c'
'Invoking: MicroBlaze gcc compiler'
mb-gcc -Wall -O0 -g3 -c -fmessage-length=0 -I../../hello_world_bsp/microblaze_0/include -mlittle-endian -mxl-barrel-shift -mxl-pattern-compare -mcpu=v8.50.b -mno-xl-soft-mul -Wl,--no-relax -ffunction-sections -fdata-sections -MMD -MP -MF"src/vga_periph_mem.d" -MT"src/vga_periph_mem.d" -o "src/vga_periph_mem.o" "../src/vga_periph_mem.c"
'Finished building: ../src/vga_periph_mem.c'
' '
'Building target: hello_world.elf'
'Invoking: MicroBlaze gcc linker'
mb-gcc -Wl,-T -Wl,../src/lscript.ld -L../../hello_world_bsp/microblaze_0/lib -mlittle-endian -mxl-barrel-shift -mxl-pattern-compare -mcpu=v8.50.b -mno-xl-soft-mul -Wl,--no-relax -Wl,--gc-sections -o "hello_world.elf"  ./src/helloworld.o ./src/platform.o ./src/vga_periph_mem.o   -Wl,--start-group,-lxil,-lgcc,-lc,--end-group
./src/helloworld.o: In function `main':
C:\Users\student\Desktop\LPRS_lab5\lab5\SDK\SDK_Workspace\hello_world\Debug/../src/helloworld.c:70: undefined reference to `print_char'
collect2: ld returned 1 exit status
make: *** [hello_world.elf] Greška 1
11:39:38 **** Clean-only build of configuration Debug for project hello_world ****
make clean 
rm -rf  ./src/helloworld.o ./src/platform.o ./src/vga_periph_mem.o  ./src/helloworld.d ./src/platform.d ./src/vga_periph_mem.d  hello_world.elf.size  hello_world.elf.elfcheck  hello_world.elf
' '
11:39:38 **** Clean-only build of project hello_world_bsp ****
make -k clean 
rm -rf microblaze_0
11:39:39 **** Build of project hello_world_bsp ****
make -k all 
libgen -hw ../basic_system_hw_platform/system.xml\
	       -lp D:/work/lprs2/2013_2014/Resene_vezbe/lab45/basic_system\
	       -pe microblaze_0 \
	       -log libgen.log \
	       system.mss
libgen
Xilinx EDK 14.6 Build EDK_P.68d
Copyright (c) 1995-2012 Xilinx, Inc.  All rights reserved.

Command Line: libgen -hw ../basic_system_hw_platform/system.xml -lp
D:/work/lprs2/2013_2014/Resene_vezbe/lab45/basic_system -pe microblaze_0 -log
libgen.log system.mss 


Staging source files.
Running DRCs.
Running generate.
Running post_generate.
Running include - 'make -s include "COMPILER=mb-gcc" "ARCHIVER=mb-ar"
"COMPILER_FLAGS=-mlittle-endian -mno-xl-soft-mul -mxl-barrel-shift
-mxl-pattern-compare -mcpu=v8.50.b  -O2 -c" "EXTRA_COMPILER_FLAGS=-g
-ffunction-sections -fdata-sections"'.

Running libs - 'make -s libs "COMPILER=mb-gcc" "ARCHIVER=mb-ar"
"COMPILER_FLAGS=-mlittle-endian -mno-xl-soft-mul -mxl-barrel-shift
-mxl-pattern-compare -mcpu=v8.50.b  -O2 -c" "EXTRA_COMPILER_FLAGS=-g
-ffunction-sections -fdata-sections"'.
"Compiling common"
"Compiling standalone";
"Compiling uartlite"
"Compiling bram"
"Compiling cpu"
Running execs_generate.
'Finished building libraries'
11:39:44 **** Build of configuration Debug for project hello_world ****
make all 
'Building file: ../src/helloworld.c'
'Invoking: MicroBlaze gcc compiler'
mb-gcc -Wall -O0 -g3 -c -fmessage-length=0 -I../../hello_world_bsp/microblaze_0/include -mlittle-endian -mxl-barrel-shift -mxl-pattern-compare -mcpu=v8.50.b -mno-xl-soft-mul -Wl,--no-relax -ffunction-sections -fdata-sections -MMD -MP -MF"src/helloworld.d" -MT"src/helloworld.d" -o "src/helloworld.o" "../src/helloworld.c"
'Finished building: ../src/helloworld.c'
' '
'Building file: ../src/platform.c'
'Invoking: MicroBlaze gcc compiler'
mb-gcc -Wall -O0 -g3 -c -fmessage-length=0 -I../../hello_world_bsp/microblaze_0/include -mlittle-endian -mxl-barrel-shift -mxl-pattern-compare -mcpu=v8.50.b -mno-xl-soft-mul -Wl,--no-relax -ffunction-sections -fdata-sections -MMD -MP -MF"src/platform.d" -MT"src/platform.d" -o "src/platform.o" "../src/platform.c"
'Finished building: ../src/platform.c'
' '
'Building file: ../src/vga_periph_mem.c'
'Invoking: MicroBlaze gcc compiler'
mb-gcc -Wall -O0 -g3 -c -fmessage-length=0 -I../../hello_world_bsp/microblaze_0/include -mlittle-endian -mxl-barrel-shift -mxl-pattern-compare -mcpu=v8.50.b -mno-xl-soft-mul -Wl,--no-relax -ffunction-sections -fdata-sections -MMD -MP -MF"src/vga_periph_mem.d" -MT"src/vga_periph_mem.d" -o "src/vga_periph_mem.o" "../src/vga_periph_mem.c"
'Finished building: ../src/vga_periph_mem.c'
' '
'Building target: hello_world.elf'
'Invoking: MicroBlaze gcc linker'
mb-gcc -Wl,-T -Wl,../src/lscript.ld -L../../hello_world_bsp/microblaze_0/lib -mlittle-endian -mxl-barrel-shift -mxl-pattern-compare -mcpu=v8.50.b -mno-xl-soft-mul -Wl,--no-relax -Wl,--gc-sections -o "hello_world.elf"  ./src/helloworld.o ./src/platform.o ./src/vga_periph_mem.o   -Wl,--start-group,-lxil,-lgcc,-lc,--end-group
./src/helloworld.o: In function `main':
C:\Users\student\Desktop\LPRS_lab5\lab5\SDK\SDK_Workspace\hello_world\Debug/../src/helloworld.c:70: undefined reference to `print_char'
collect2: ld returned 1 exit status
make: *** [hello_world.elf] Greška 1
11:40:13 **** Auto Build of configuration Debug for project hello_world ****
make all 
'Building file: ../src/helloworld.c'
'Invoking: MicroBlaze gcc compiler'
mb-gcc -Wall -O0 -g3 -c -fmessage-length=0 -I../../hello_world_bsp/microblaze_0/include -mlittle-endian -mxl-barrel-shift -mxl-pattern-compare -mcpu=v8.50.b -mno-xl-soft-mul -Wl,--no-relax -ffunction-sections -fdata-sections -MMD -MP -MF"src/helloworld.d" -MT"src/helloworld.d" -o "src/helloworld.o" "../src/helloworld.c"
'Finished building: ../src/helloworld.c'
' '
'Building target: hello_world.elf'
'Invoking: MicroBlaze gcc linker'
mb-gcc -Wl,-T -Wl,../src/lscript.ld -L../../hello_world_bsp/microblaze_0/lib -mlittle-endian -mxl-barrel-shift -mxl-pattern-compare -mcpu=v8.50.b -mno-xl-soft-mul -Wl,--no-relax -Wl,--gc-sections -o "hello_world.elf"  ./src/helloworld.o ./src/platform.o ./src/vga_periph_mem.o   -Wl,--start-group,-lxil,-lgcc,-lc,--end-group
./src/helloworld.o: In function `main':
C:\Users\student\Desktop\LPRS_lab5\lab5\SDK\SDK_Workspace\hello_world\Debug/../src/helloworld.c:70: undefined reference to `print_char'
collect2: ld returned 1 exit status
make: *** [hello_world.elf] Greška 1
11:40:37 **** Auto Build of configuration Debug for project hello_world ****
make all 
'Building file: ../src/vga_periph_mem.c'
'Invoking: MicroBlaze gcc compiler'
mb-gcc -Wall -O0 -g3 -c -fmessage-length=0 -I../../hello_world_bsp/microblaze_0/include -mlittle-endian -mxl-barrel-shift -mxl-pattern-compare -mcpu=v8.50.b -mno-xl-soft-mul -Wl,--no-relax -ffunction-sections -fdata-sections -MMD -MP -MF"src/vga_periph_mem.d" -MT"src/vga_periph_mem.d" -o "src/vga_periph_mem.o" "../src/vga_periph_mem.c"
'Finished building: ../src/vga_periph_mem.c'
' '
'Building target: hello_world.elf'
'Invoking: MicroBlaze gcc linker'
mb-gcc -Wl,-T -Wl,../src/lscript.ld -L../../hello_world_bsp/microblaze_0/lib -mlittle-endian -mxl-barrel-shift -mxl-pattern-compare -mcpu=v8.50.b -mno-xl-soft-mul -Wl,--no-relax -Wl,--gc-sections -o "hello_world.elf"  ./src/helloworld.o ./src/platform.o ./src/vga_periph_mem.o   -Wl,--start-group,-lxil,-lgcc,-lc,--end-group
'Finished building target: hello_world.elf'
' '
'Invoking: MicroBlaze Print Size'
mb-size hello_world.elf  |tee "hello_world.elf.size"
   text	   data	    bss	    dec	    hex	filename
   3234	    268	   2098	   5600	   15e0	hello_world.elf
'Finished building: hello_world.elf.size'
' '
'Invoking: Xilinx ELF Check'
elfcheck hello_world.elf -hw ../../basic_system_hw_platform/system.xml -pe microblaze_0  |tee "hello_world.elf.elfcheck"
elfcheck
Xilinx EDK 14.6 Build EDK_P.68d
Copyright (c) 1995-2012 Xilinx, Inc.  All rights reserved.

Command Line: elfcheck -hw ../../basic_system_hw_platform/system.xml -pe
microblaze_0 hello_world.elf 

ELF file	: hello_world.elf
elfcheck passed.
'Finished building: hello_world.elf.elfcheck'
' '
11:40:44 **** Auto Build of configuration Debug for project hello_world ****
make all 
'Building file: ../src/vga_periph_mem.c'
'Invoking: MicroBlaze gcc compiler'
mb-gcc -Wall -O0 -g3 -c -fmessage-length=0 -I../../hello_world_bsp/microblaze_0/include -mlittle-endian -mxl-barrel-shift -mxl-pattern-compare -mcpu=v8.50.b -mno-xl-soft-mul -Wl,--no-relax -ffunction-sections -fdata-sections -MMD -MP -MF"src/vga_periph_mem.d" -MT"src/vga_periph_mem.d" -o "src/vga_periph_mem.o" "../src/vga_periph_mem.c"
'Finished building: ../src/vga_periph_mem.c'
' '
'Building target: hello_world.elf'
'Invoking: MicroBlaze gcc linker'
mb-gcc -Wl,-T -Wl,../src/lscript.ld -L../../hello_world_bsp/microblaze_0/lib -mlittle-endian -mxl-barrel-shift -mxl-pattern-compare -mcpu=v8.50.b -mno-xl-soft-mul -Wl,--no-relax -Wl,--gc-sections -o "hello_world.elf"  ./src/helloworld.o ./src/platform.o ./src/vga_periph_mem.o   -Wl,--start-group,-lxil,-lgcc,-lc,--end-group
'Finished building target: hello_world.elf'
' '
'Invoking: MicroBlaze Print Size'
mb-size hello_world.elf  |tee "hello_world.elf.size"
   text	   data	    bss	    dec	    hex	filename
   3234	    268	   2098	   5600	   15e0	hello_world.elf
'Finished building: hello_world.elf.size'
' '
'Invoking: Xilinx ELF Check'
elfcheck hello_world.elf -hw ../../basic_system_hw_platform/system.xml -pe microblaze_0  |tee "hello_world.elf.elfcheck"
elfcheck
Xilinx EDK 14.6 Build EDK_P.68d
Copyright (c) 1995-2012 Xilinx, Inc.  All rights reserved.

Command Line: elfcheck -hw ../../basic_system_hw_platform/system.xml -pe
microblaze_0 hello_world.elf 

ELF file	: hello_world.elf
elfcheck passed.
'Finished building: hello_world.elf.elfcheck'
' '
11:42:47 **** Incremental Build of configuration Debug for project hello_world ****
make all 
make: Ništa za napraviti za `all'.
11:43:00 **** Incremental Build of configuration Debug for project hello_world ****
make all 
make: Ništa za napraviti za `all'.
11:43:17 **** Clean-only build of configuration Debug for project hello_world ****
make clean 
rm -rf  ./src/helloworld.o ./src/platform.o ./src/vga_periph_mem.o  ./src/helloworld.d ./src/platform.d ./src/vga_periph_mem.d  hello_world.elf.size  hello_world.elf.elfcheck  hello_world.elf
' '
11:43:18 **** Clean-only build of project hello_world_bsp ****
make -k clean 
rm -rf microblaze_0
11:43:18 **** Build of project hello_world_bsp ****
make -k all 
libgen -hw ../basic_system_hw_platform/system.xml\
	       -lp D:/work/lprs2/2013_2014/Resene_vezbe/lab45/basic_system\
	       -pe microblaze_0 \
	       -log libgen.log \
	       system.mss
libgen
Xilinx EDK 14.6 Build EDK_P.68d
Copyright (c) 1995-2012 Xilinx, Inc.  All rights reserved.

Command Line: libgen -hw ../basic_system_hw_platform/system.xml -lp
D:/work/lprs2/2013_2014/Resene_vezbe/lab45/basic_system -pe microblaze_0 -log
libgen.log system.mss 


Staging source files.
Running DRCs.
Running generate.
Running post_generate.
Running include - 'make -s include "COMPILER=mb-gcc" "ARCHIVER=mb-ar"
"COMPILER_FLAGS=-mlittle-endian -mno-xl-soft-mul -mxl-barrel-shift
-mxl-pattern-compare -mcpu=v8.50.b  -O2 -c" "EXTRA_COMPILER_FLAGS=-g
-ffunction-sections -fdata-sections"'.

Running libs - 'make -s libs "COMPILER=mb-gcc" "ARCHIVER=mb-ar"
"COMPILER_FLAGS=-mlittle-endian -mno-xl-soft-mul -mxl-barrel-shift
-mxl-pattern-compare -mcpu=v8.50.b  -O2 -c" "EXTRA_COMPILER_FLAGS=-g
-ffunction-sections -fdata-sections"'.
"Compiling common"
"Compiling standalone";
"Compiling uartlite"
"Compiling bram"
"Compiling cpu"
Running execs_generate.
'Finished building libraries'
11:43:24 **** Build of configuration Debug for project hello_world ****
make all 
'Building file: ../src/helloworld.c'
'Invoking: MicroBlaze gcc compiler'
mb-gcc -Wall -O0 -g3 -c -fmessage-length=0 -I../../hello_world_bsp/microblaze_0/include -mlittle-endian -mxl-barrel-shift -mxl-pattern-compare -mcpu=v8.50.b -mno-xl-soft-mul -Wl,--no-relax -ffunction-sections -fdata-sections -MMD -MP -MF"src/helloworld.d" -MT"src/helloworld.d" -o "src/helloworld.o" "../src/helloworld.c"
'Finished building: ../src/helloworld.c'
' '
'Building file: ../src/platform.c'
'Invoking: MicroBlaze gcc compiler'
mb-gcc -Wall -O0 -g3 -c -fmessage-length=0 -I../../hello_world_bsp/microblaze_0/include -mlittle-endian -mxl-barrel-shift -mxl-pattern-compare -mcpu=v8.50.b -mno-xl-soft-mul -Wl,--no-relax -ffunction-sections -fdata-sections -MMD -MP -MF"src/platform.d" -MT"src/platform.d" -o "src/platform.o" "../src/platform.c"
'Finished building: ../src/platform.c'
' '
'Building file: ../src/vga_periph_mem.c'
'Invoking: MicroBlaze gcc compiler'
mb-gcc -Wall -O0 -g3 -c -fmessage-length=0 -I../../hello_world_bsp/microblaze_0/include -mlittle-endian -mxl-barrel-shift -mxl-pattern-compare -mcpu=v8.50.b -mno-xl-soft-mul -Wl,--no-relax -ffunction-sections -fdata-sections -MMD -MP -MF"src/vga_periph_mem.d" -MT"src/vga_periph_mem.d" -o "src/vga_periph_mem.o" "../src/vga_periph_mem.c"
'Finished building: ../src/vga_periph_mem.c'
' '
'Building target: hello_world.elf'
'Invoking: MicroBlaze gcc linker'
mb-gcc -Wl,-T -Wl,../src/lscript.ld -L../../hello_world_bsp/microblaze_0/lib -mlittle-endian -mxl-barrel-shift -mxl-pattern-compare -mcpu=v8.50.b -mno-xl-soft-mul -Wl,--no-relax -Wl,--gc-sections -o "hello_world.elf"  ./src/helloworld.o ./src/platform.o ./src/vga_periph_mem.o   -Wl,--start-group,-lxil,-lgcc,-lc,--end-group
'Finished building target: hello_world.elf'
' '
'Invoking: MicroBlaze Print Size'
mb-size hello_world.elf  |tee "hello_world.elf.size"
   text	   data	    bss	    dec	    hex	filename
   3234	    268	   2098	   5600	   15e0	hello_world.elf
'Finished building: hello_world.elf.size'
' '
'Invoking: Xilinx ELF Check'
elfcheck hello_world.elf -hw ../../basic_system_hw_platform/system.xml -pe microblaze_0  |tee "hello_world.elf.elfcheck"
elfcheck
Xilinx EDK 14.6 Build EDK_P.68d
Copyright (c) 1995-2012 Xilinx, Inc.  All rights reserved.

Command Line: elfcheck -hw ../../basic_system_hw_platform/system.xml -pe
microblaze_0 hello_world.elf 

ELF file	: hello_world.elf
elfcheck passed.
'Finished building: hello_world.elf.elfcheck'
' '
11:43:34 **** Incremental Build of configuration Debug for project hello_world ****
make all 
make: Ništa za napraviti za `all'.
11:44:20 **** Incremental Build of configuration Debug for project hello_world ****
make all 
make: Ništa za napraviti za `all'.
11:44:28 **** Incremental Build of configuration Debug for project hello_world ****
make all 
make: Ništa za napraviti za `all'.
11:44:56 **** Incremental Build of configuration Debug for project hello_world ****
make all 
make: Ništa za napraviti za `all'.
11:45:33 **** Incremental Build of configuration Debug for project hello_world ****
make all 
make: Ništa za napraviti za `all'.
11:53:28 **** Auto Build of configuration Debug for project hello_world ****
make all 
'Building file: ../src/vga_periph_mem.c'
'Invoking: MicroBlaze gcc compiler'
mb-gcc -Wall -O0 -g3 -c -fmessage-length=0 -I../../hello_world_bsp/microblaze_0/include -mlittle-endian -mxl-barrel-shift -mxl-pattern-compare -mcpu=v8.50.b -mno-xl-soft-mul -Wl,--no-relax -ffunction-sections -fdata-sections -MMD -MP -MF"src/vga_periph_mem.d" -MT"src/vga_periph_mem.d" -o "src/vga_periph_mem.o" "../src/vga_periph_mem.c"
'Finished building: ../src/vga_periph_mem.c'
' '
'Building target: hello_world.elf'
'Invoking: MicroBlaze gcc linker'
mb-gcc -Wl,-T -Wl,../src/lscript.ld -L../../hello_world_bsp/microblaze_0/lib -mlittle-endian -mxl-barrel-shift -mxl-pattern-compare -mcpu=v8.50.b -mno-xl-soft-mul -Wl,--no-relax -Wl,--gc-sections -o "hello_world.elf"  ./src/helloworld.o ./src/platform.o ./src/vga_periph_mem.o   -Wl,--start-group,-lxil,-lgcc,-lc,--end-group
'Finished building target: hello_world.elf'
' '
'Invoking: MicroBlaze Print Size'
mb-size hello_world.elf  |tee "hello_world.elf.size"
   text	   data	    bss	    dec	    hex	filename
   3234	    268	   2098	   5600	   15e0	hello_world.elf
'Finished building: hello_world.elf.size'
' '
'Invoking: Xilinx ELF Check'
elfcheck hello_world.elf -hw ../../basic_system_hw_platform/system.xml -pe microblaze_0  |tee "hello_world.elf.elfcheck"
elfcheck
Xilinx EDK 14.6 Build EDK_P.68d
Copyright (c) 1995-2012 Xilinx, Inc.  All rights reserved.

Command Line: elfcheck -hw ../../basic_system_hw_platform/system.xml -pe
microblaze_0 hello_world.elf 

ELF file	: hello_world.elf
elfcheck passed.
'Finished building: hello_world.elf.elfcheck'
' '
11:53:50 **** Auto Build of configuration Debug for project hello_world ****
make all 
'Building file: ../src/vga_periph_mem.c'
'Invoking: MicroBlaze gcc compiler'
mb-gcc -Wall -O0 -g3 -c -fmessage-length=0 -I../../hello_world_bsp/microblaze_0/include -mlittle-endian -mxl-barrel-shift -mxl-pattern-compare -mcpu=v8.50.b -mno-xl-soft-mul -Wl,--no-relax -ffunction-sections -fdata-sections -MMD -MP -MF"src/vga_periph_mem.d" -MT"src/vga_periph_mem.d" -o "src/vga_periph_mem.o" "../src/vga_periph_mem.c"
'Finished building: ../src/vga_periph_mem.c'
' '
'Building target: hello_world.elf'
'Invoking: MicroBlaze gcc linker'
mb-gcc -Wl,-T -Wl,../src/lscript.ld -L../../hello_world_bsp/microblaze_0/lib -mlittle-endian -mxl-barrel-shift -mxl-pattern-compare -mcpu=v8.50.b -mno-xl-soft-mul -Wl,--no-relax -Wl,--gc-sections -o "hello_world.elf"  ./src/helloworld.o ./src/platform.o ./src/vga_periph_mem.o   -Wl,--start-group,-lxil,-lgcc,-lc,--end-group
'Finished building target: hello_world.elf'
' '
'Invoking: MicroBlaze Print Size'
mb-size hello_world.elf  |tee "hello_world.elf.size"
   text	   data	    bss	    dec	    hex	filename
   3234	    268	   2098	   5600	   15e0	hello_world.elf
'Finished building: hello_world.elf.size'
' '
'Invoking: Xilinx ELF Check'
elfcheck hello_world.elf -hw ../../basic_system_hw_platform/system.xml -pe microblaze_0  |tee "hello_world.elf.elfcheck"
elfcheck
Xilinx EDK 14.6 Build EDK_P.68d
Copyright (c) 1995-2012 Xilinx, Inc.  All rights reserved.

Command Line: elfcheck -hw ../../basic_system_hw_platform/system.xml -pe
microblaze_0 hello_world.elf 

ELF file	: hello_world.elf
elfcheck passed.
'Finished building: hello_world.elf.elfcheck'
' '
12:00:31 **** Auto Build of configuration Debug for project hello_world ****
make all 
'Building file: ../src/vga_periph_mem.c'
'Invoking: MicroBlaze gcc compiler'
mb-gcc -Wall -O0 -g3 -c -fmessage-length=0 -I../../hello_world_bsp/microblaze_0/include -mlittle-endian -mxl-barrel-shift -mxl-pattern-compare -mcpu=v8.50.b -mno-xl-soft-mul -Wl,--no-relax -ffunction-sections -fdata-sections -MMD -MP -MF"src/vga_periph_mem.d" -MT"src/vga_periph_mem.d" -o "src/vga_periph_mem.o" "../src/vga_periph_mem.c"
'Finished building: ../src/vga_periph_mem.c'
' '
'Building target: hello_world.elf'
'Invoking: MicroBlaze gcc linker'
mb-gcc -Wl,-T -Wl,../src/lscript.ld -L../../hello_world_bsp/microblaze_0/lib -mlittle-endian -mxl-barrel-shift -mxl-pattern-compare -mcpu=v8.50.b -mno-xl-soft-mul -Wl,--no-relax -Wl,--gc-sections -o "hello_world.elf"  ./src/helloworld.o ./src/platform.o ./src/vga_periph_mem.o   -Wl,--start-group,-lxil,-lgcc,-lc,--end-group
'Finished building target: hello_world.elf'
' '
'Invoking: MicroBlaze Print Size'
mb-size hello_world.elf  |tee "hello_world.elf.size"
   text	   data	    bss	    dec	    hex	filename
   3234	    268	   2098	   5600	   15e0	hello_world.elf
'Finished building: hello_world.elf.size'
' '
'Invoking: Xilinx ELF Check'
elfcheck hello_world.elf -hw ../../basic_system_hw_platform/system.xml -pe microblaze_0  |tee "hello_world.elf.elfcheck"
elfcheck
Xilinx EDK 14.6 Build EDK_P.68d
Copyright (c) 1995-2012 Xilinx, Inc.  All rights reserved.

Command Line: elfcheck -hw ../../basic_system_hw_platform/system.xml -pe
microblaze_0 hello_world.elf 

ELF file	: hello_world.elf
elfcheck passed.
'Finished building: hello_world.elf.elfcheck'
' '
12:00:45 **** Auto Build of configuration Debug for project hello_world ****
make all 
'Building file: ../src/vga_periph_mem.c'
'Invoking: MicroBlaze gcc compiler'
mb-gcc -Wall -O0 -g3 -c -fmessage-length=0 -I../../hello_world_bsp/microblaze_0/include -mlittle-endian -mxl-barrel-shift -mxl-pattern-compare -mcpu=v8.50.b -mno-xl-soft-mul -Wl,--no-relax -ffunction-sections -fdata-sections -MMD -MP -MF"src/vga_periph_mem.d" -MT"src/vga_periph_mem.d" -o "src/vga_periph_mem.o" "../src/vga_periph_mem.c"
../src/vga_periph_mem.c:69:1: error: expected identifier or '(' before '}' token
make: *** [src/vga_periph_mem.o] Greška 1
12:01:16 **** Auto Build of configuration Debug for project hello_world ****
make all 
'Building file: ../src/vga_periph_mem.c'
'Invoking: MicroBlaze gcc compiler'
mb-gcc -Wall -O0 -g3 -c -fmessage-length=0 -I../../hello_world_bsp/microblaze_0/include -mlittle-endian -mxl-barrel-shift -mxl-pattern-compare -mcpu=v8.50.b -mno-xl-soft-mul -Wl,--no-relax -ffunction-sections -fdata-sections -MMD -MP -MF"src/vga_periph_mem.d" -MT"src/vga_periph_mem.d" -o "src/vga_periph_mem.o" "../src/vga_periph_mem.c"
../src/vga_periph_mem.c: In function 'set_foreground_color':
../src/vga_periph_mem.c:62:1: error: number of arguments doesn't match prototype
../src/vga_periph_mem.h:78:6: error: prototype declaration
../src/vga_periph_mem.c: In function 'set_background_color':
../src/vga_periph_mem.c:66:1: error: number of arguments doesn't match prototype
../src/vga_periph_mem.h:79:6: error: prototype declaration
../src/vga_periph_mem.c: At top level:
../src/vga_periph_mem.c:69:1: error: expected identifier or '(' before '}' token
make: *** [src/vga_periph_mem.o] Greška 1
12:01:36 **** Auto Build of configuration Debug for project hello_world ****
make all 
'Building file: ../src/vga_periph_mem.c'
'Invoking: MicroBlaze gcc compiler'
mb-gcc -Wall -O0 -g3 -c -fmessage-length=0 -I../../hello_world_bsp/microblaze_0/include -mlittle-endian -mxl-barrel-shift -mxl-pattern-compare -mcpu=v8.50.b -mno-xl-soft-mul -Wl,--no-relax -ffunction-sections -fdata-sections -MMD -MP -MF"src/vga_periph_mem.d" -MT"src/vga_periph_mem.d" -o "src/vga_periph_mem.o" "../src/vga_periph_mem.c"
'Finished building: ../src/vga_periph_mem.c'
' '
'Building target: hello_world.elf'
'Invoking: MicroBlaze gcc linker'
mb-gcc -Wl,-T -Wl,../src/lscript.ld -L../../hello_world_bsp/microblaze_0/lib -mlittle-endian -mxl-barrel-shift -mxl-pattern-compare -mcpu=v8.50.b -mno-xl-soft-mul -Wl,--no-relax -Wl,--gc-sections -o "hello_world.elf"  ./src/helloworld.o ./src/platform.o ./src/vga_periph_mem.o   -Wl,--start-group,-lxil,-lgcc,-lc,--end-group
'Finished building target: hello_world.elf'
' '
'Invoking: MicroBlaze Print Size'
mb-size hello_world.elf  |tee "hello_world.elf.size"
   text	   data	    bss	    dec	    hex	filename
   3234	    268	   2098	   5600	   15e0	hello_world.elf
'Finished building: hello_world.elf.size'
' '
'Invoking: Xilinx ELF Check'
elfcheck hello_world.elf -hw ../../basic_system_hw_platform/system.xml -pe microblaze_0  |tee "hello_world.elf.elfcheck"
elfcheck
Xilinx EDK 14.6 Build EDK_P.68d
Copyright (c) 1995-2012 Xilinx, Inc.  All rights reserved.

Command Line: elfcheck -hw ../../basic_system_hw_platform/system.xml -pe
microblaze_0 hello_world.elf 

ELF file	: hello_world.elf
elfcheck passed.
'Finished building: hello_world.elf.elfcheck'
' '
12:02:37 **** Auto Build of configuration Debug for project hello_world ****
make all 
'Building file: ../src/vga_periph_mem.c'
'Invoking: MicroBlaze gcc compiler'
mb-gcc -Wall -O0 -g3 -c -fmessage-length=0 -I../../hello_world_bsp/microblaze_0/include -mlittle-endian -mxl-barrel-shift -mxl-pattern-compare -mcpu=v8.50.b -mno-xl-soft-mul -Wl,--no-relax -ffunction-sections -fdata-sections -MMD -MP -MF"src/vga_periph_mem.d" -MT"src/vga_periph_mem.d" -o "src/vga_periph_mem.o" "../src/vga_periph_mem.c"
../src/vga_periph_mem.c:62:6: error: conflicting types for 'set_foreground_color'
../src/vga_periph_mem.h:78:6: note: previous declaration of 'set_foreground_color' was here
../src/vga_periph_mem.c:66:6: error: conflicting types for 'set_background_color'
../src/vga_periph_mem.h:79:6: note: previous declaration of 'set_background_color' was here
make: *** [src/vga_periph_mem.o] Greška 1
12:02:47 **** Auto Build of configuration Debug for project hello_world ****
make all 
'Building file: ../src/vga_periph_mem.c'
'Invoking: MicroBlaze gcc compiler'
mb-gcc -Wall -O0 -g3 -c -fmessage-length=0 -I../../hello_world_bsp/microblaze_0/include -mlittle-endian -mxl-barrel-shift -mxl-pattern-compare -mcpu=v8.50.b -mno-xl-soft-mul -Wl,--no-relax -ffunction-sections -fdata-sections -MMD -MP -MF"src/vga_periph_mem.d" -MT"src/vga_periph_mem.d" -o "src/vga_periph_mem.o" "../src/vga_periph_mem.c"
'Finished building: ../src/vga_periph_mem.c'
' '
'Building target: hello_world.elf'
'Invoking: MicroBlaze gcc linker'
mb-gcc -Wl,-T -Wl,../src/lscript.ld -L../../hello_world_bsp/microblaze_0/lib -mlittle-endian -mxl-barrel-shift -mxl-pattern-compare -mcpu=v8.50.b -mno-xl-soft-mul -Wl,--no-relax -Wl,--gc-sections -o "hello_world.elf"  ./src/helloworld.o ./src/platform.o ./src/vga_periph_mem.o   -Wl,--start-group,-lxil,-lgcc,-lc,--end-group
'Finished building target: hello_world.elf'
' '
'Invoking: MicroBlaze Print Size'
mb-size hello_world.elf  |tee "hello_world.elf.size"
   text	   data	    bss	    dec	    hex	filename
   3234	    268	   2098	   5600	   15e0	hello_world.elf
'Finished building: hello_world.elf.size'
' '
'Invoking: Xilinx ELF Check'
elfcheck hello_world.elf -hw ../../basic_system_hw_platform/system.xml -pe microblaze_0  |tee "hello_world.elf.elfcheck"
elfcheck
Xilinx EDK 14.6 Build EDK_P.68d
Copyright (c) 1995-2012 Xilinx, Inc.  All rights reserved.

Command Line: elfcheck -hw ../../basic_system_hw_platform/system.xml -pe
microblaze_0 hello_world.elf 

ELF file	: hello_world.elf
elfcheck passed.
'Finished building: hello_world.elf.elfcheck'
' '
12:02:48 **** Auto Build of configuration Debug for project hello_world ****
make all 
make: Ništa za napraviti za `all'.
12:04:00 **** Auto Build of configuration Debug for project hello_world ****
make all 
'Building file: ../src/vga_periph_mem.c'
'Invoking: MicroBlaze gcc compiler'
mb-gcc -Wall -O0 -g3 -c -fmessage-length=0 -I../../hello_world_bsp/microblaze_0/include -mlittle-endian -mxl-barrel-shift -mxl-pattern-compare -mcpu=v8.50.b -mno-xl-soft-mul -Wl,--no-relax -ffunction-sections -fdata-sections -MMD -MP -MF"src/vga_periph_mem.d" -MT"src/vga_periph_mem.d" -o "src/vga_periph_mem.o" "../src/vga_periph_mem.c"
'Finished building: ../src/vga_periph_mem.c'
' '
'Building target: hello_world.elf'
'Invoking: MicroBlaze gcc linker'
mb-gcc -Wl,-T -Wl,../src/lscript.ld -L../../hello_world_bsp/microblaze_0/lib -mlittle-endian -mxl-barrel-shift -mxl-pattern-compare -mcpu=v8.50.b -mno-xl-soft-mul -Wl,--no-relax -Wl,--gc-sections -o "hello_world.elf"  ./src/helloworld.o ./src/platform.o ./src/vga_periph_mem.o   -Wl,--start-group,-lxil,-lgcc,-lc,--end-group
'Finished building target: hello_world.elf'
' '
'Invoking: MicroBlaze Print Size'
mb-size hello_world.elf  |tee "hello_world.elf.size"
   text	   data	    bss	    dec	    hex	filename
   3234	    268	   2098	   5600	   15e0	hello_world.elf
'Finished building: hello_world.elf.size'
' '
'Invoking: Xilinx ELF Check'
elfcheck hello_world.elf -hw ../../basic_system_hw_platform/system.xml -pe microblaze_0  |tee "hello_world.elf.elfcheck"
elfcheck
Xilinx EDK 14.6 Build EDK_P.68d
Copyright (c) 1995-2012 Xilinx, Inc.  All rights reserved.

Command Line: elfcheck -hw ../../basic_system_hw_platform/system.xml -pe
microblaze_0 hello_world.elf 

ELF file	: hello_world.elf
elfcheck passed.
'Finished building: hello_world.elf.elfcheck'
' '
12:04:21 **** Auto Build of configuration Debug for project hello_world ****
make all 
'Building file: ../src/vga_periph_mem.c'
'Invoking: MicroBlaze gcc compiler'
mb-gcc -Wall -O0 -g3 -c -fmessage-length=0 -I../../hello_world_bsp/microblaze_0/include -mlittle-endian -mxl-barrel-shift -mxl-pattern-compare -mcpu=v8.50.b -mno-xl-soft-mul -Wl,--no-relax -ffunction-sections -fdata-sections -MMD -MP -MF"src/vga_periph_mem.d" -MT"src/vga_periph_mem.d" -o "src/vga_periph_mem.o" "../src/vga_periph_mem.c"
../src/vga_periph_mem.c: In function 'set_foreground_color':
../src/vga_periph_mem.c:63:2: error: 'XPAR_VGA_PERIPH_MEM_0_S_AXI_MEM0_BASEADDR' undeclared (first use in this function)
../src/vga_periph_mem.c:63:2: note: each undeclared identifier is reported only once for each function it appears in
../src/vga_periph_mem.c: In function 'set_background_color':
../src/vga_periph_mem.c:67:2: error: 'XPAR_VGA_PERIPH_MEM_0_S_AXI_MEM0_BASEADDR' undeclared (first use in this function)
make: *** [src/vga_periph_mem.o] Greška 1
12:04:34 **** Auto Build of configuration Debug for project hello_world ****
make all 
'Building file: ../src/vga_periph_mem.c'
'Invoking: MicroBlaze gcc compiler'
mb-gcc -Wall -O0 -g3 -c -fmessage-length=0 -I../../hello_world_bsp/microblaze_0/include -mlittle-endian -mxl-barrel-shift -mxl-pattern-compare -mcpu=v8.50.b -mno-xl-soft-mul -Wl,--no-relax -ffunction-sections -fdata-sections -MMD -MP -MF"src/vga_periph_mem.d" -MT"src/vga_periph_mem.d" -o "src/vga_periph_mem.o" "../src/vga_periph_mem.c"
../src/vga_periph_mem.c: In function 'set_foreground_color':
../src/vga_periph_mem.c:63:2: error: 'XPAR_VGA_PERIPH_MEM_0_S_AXI_MEM0_BASEADDR' undeclared (first use in this function)
../src/vga_periph_mem.c:63:2: note: each undeclared identifier is reported only once for each function it appears in
../src/vga_periph_mem.c: In function 'set_background_color':
../src/vga_periph_mem.c:67:2: error: 'XPAR_VGA_PERIPH_MEM_0_S_AXI_MEM0_BASEADDR' undeclared (first use in this function)
make: *** [src/vga_periph_mem.o] Greška 1
12:04:38 **** Auto Build of configuration Debug for project hello_world ****
make all 
'Building file: ../src/vga_periph_mem.c'
'Invoking: MicroBlaze gcc compiler'
mb-gcc -Wall -O0 -g3 -c -fmessage-length=0 -I../../hello_world_bsp/microblaze_0/include -mlittle-endian -mxl-barrel-shift -mxl-pattern-compare -mcpu=v8.50.b -mno-xl-soft-mul -Wl,--no-relax -ffunction-sections -fdata-sections -MMD -MP -MF"src/vga_periph_mem.d" -MT"src/vga_periph_mem.d" -o "src/vga_periph_mem.o" "../src/vga_periph_mem.c"
../src/vga_periph_mem.c:62:6: error: conflicting types for 'set_foreground_color'
../src/vga_periph_mem.h:78:6: note: previous declaration of 'set_foreground_color' was here
../src/vga_periph_mem.c: In function 'set_foreground_color':
../src/vga_periph_mem.c:63:2: error: 'XPAR_VGA_PERIPH_MEM_0_S_AXI_MEM0_BASEADDR' undeclared (first use in this function)
../src/vga_periph_mem.c:63:2: note: each undeclared identifier is reported only once for each function it appears in
../src/vga_periph_mem.c: At top level:
../src/vga_periph_mem.c:66:6: error: conflicting types for 'set_background_color'
../src/vga_periph_mem.h:79:6: note: previous declaration of 'set_background_color' was here
../src/vga_periph_mem.c: In function 'set_background_color':
../src/vga_periph_mem.c:67:2: error: 'XPAR_VGA_PERIPH_MEM_0_S_AXI_MEM0_BASEADDR' undeclared (first use in this function)
make: *** [src/vga_periph_mem.o] Greška 1
12:04:52 **** Auto Build of configuration Debug for project hello_world ****
make all 
'Building file: ../src/vga_periph_mem.c'
'Invoking: MicroBlaze gcc compiler'
mb-gcc -Wall -O0 -g3 -c -fmessage-length=0 -I../../hello_world_bsp/microblaze_0/include -mlittle-endian -mxl-barrel-shift -mxl-pattern-compare -mcpu=v8.50.b -mno-xl-soft-mul -Wl,--no-relax -ffunction-sections -fdata-sections -MMD -MP -MF"src/vga_periph_mem.d" -MT"src/vga_periph_mem.d" -o "src/vga_periph_mem.o" "../src/vga_periph_mem.c"
../src/vga_periph_mem.c: In function 'set_foreground_color':
../src/vga_periph_mem.c:63:2: error: 'XPAR_VGA_PERIPH_MEM_0_S_AXI_MEM0_BASEADDR' undeclared (first use in this function)
../src/vga_periph_mem.c:63:2: note: each undeclared identifier is reported only once for each function it appears in
../src/vga_periph_mem.c: In function 'set_background_color':
../src/vga_periph_mem.c:67:2: error: 'XPAR_VGA_PERIPH_MEM_0_S_AXI_MEM0_BASEADDR' undeclared (first use in this function)
make: *** [src/vga_periph_mem.o] Greška 1
12:08:11 **** Auto Build of configuration Debug for project hello_world ****
make all 
'Building file: ../src/vga_periph_mem.c'
'Invoking: MicroBlaze gcc compiler'
mb-gcc -Wall -O0 -g3 -c -fmessage-length=0 -I../../hello_world_bsp/microblaze_0/include -mlittle-endian -mxl-barrel-shift -mxl-pattern-compare -mcpu=v8.50.b -mno-xl-soft-mul -Wl,--no-relax -ffunction-sections -fdata-sections -MMD -MP -MF"src/vga_periph_mem.d" -MT"src/vga_periph_mem.d" -o "src/vga_periph_mem.o" "../src/vga_periph_mem.c"
../src/vga_periph_mem.c:62:6: error: conflicting types for 'set_foreground_color'
../src/vga_periph_mem.h:78:6: note: previous declaration of 'set_foreground_color' was here
../src/vga_periph_mem.c:66:6: error: conflicting types for 'set_background_color'
../src/vga_periph_mem.h:79:6: note: previous declaration of 'set_background_color' was here
make: *** [src/vga_periph_mem.o] Greška 1
12:08:28 **** Auto Build of configuration Debug for project hello_world ****
make all 
'Building file: ../src/vga_periph_mem.c'
'Invoking: MicroBlaze gcc compiler'
mb-gcc -Wall -O0 -g3 -c -fmessage-length=0 -I../../hello_world_bsp/microblaze_0/include -mlittle-endian -mxl-barrel-shift -mxl-pattern-compare -mcpu=v8.50.b -mno-xl-soft-mul -Wl,--no-relax -ffunction-sections -fdata-sections -MMD -MP -MF"src/vga_periph_mem.d" -MT"src/vga_periph_mem.d" -o "src/vga_periph_mem.o" "../src/vga_periph_mem.c"
'Finished building: ../src/vga_periph_mem.c'
' '
'Building target: hello_world.elf'
'Invoking: MicroBlaze gcc linker'
mb-gcc -Wl,-T -Wl,../src/lscript.ld -L../../hello_world_bsp/microblaze_0/lib -mlittle-endian -mxl-barrel-shift -mxl-pattern-compare -mcpu=v8.50.b -mno-xl-soft-mul -Wl,--no-relax -Wl,--gc-sections -o "hello_world.elf"  ./src/helloworld.o ./src/platform.o ./src/vga_periph_mem.o   -Wl,--start-group,-lxil,-lgcc,-lc,--end-group
'Finished building target: hello_world.elf'
' '
'Invoking: MicroBlaze Print Size'
mb-size hello_world.elf  |tee "hello_world.elf.size"
   text	   data	    bss	    dec	    hex	filename
   3234	    268	   2098	   5600	   15e0	hello_world.elf
'Finished building: hello_world.elf.size'
' '
'Invoking: Xilinx ELF Check'
elfcheck hello_world.elf -hw ../../basic_system_hw_platform/system.xml -pe microblaze_0  |tee "hello_world.elf.elfcheck"
elfcheck
Xilinx EDK 14.6 Build EDK_P.68d
Copyright (c) 1995-2012 Xilinx, Inc.  All rights reserved.

Command Line: elfcheck -hw ../../basic_system_hw_platform/system.xml -pe
microblaze_0 hello_world.elf 

ELF file	: hello_world.elf
elfcheck passed.
'Finished building: hello_world.elf.elfcheck'
' '
12:09:05 **** Auto Build of configuration Debug for project hello_world ****
make all 
'Building file: ../src/helloworld.c'
'Invoking: MicroBlaze gcc compiler'
mb-gcc -Wall -O0 -g3 -c -fmessage-length=0 -I../../hello_world_bsp/microblaze_0/include -mlittle-endian -mxl-barrel-shift -mxl-pattern-compare -mcpu=v8.50.b -mno-xl-soft-mul -Wl,--no-relax -ffunction-sections -fdata-sections -MMD -MP -MF"src/helloworld.d" -MT"src/helloworld.d" -o "src/helloworld.o" "../src/helloworld.c"
../src/helloworld.c: In function 'main':
../src/helloworld.c:72:69: error: 'color1' undeclared (first use in this function)
../src/helloworld.c:72:69: note: each undeclared identifier is reported only once for each function it appears in
../src/helloworld.c:73:69: error: 'color2' undeclared (first use in this function)
make: *** [src/helloworld.o] Greška 1
12:09:49 **** Auto Build of configuration Debug for project hello_world ****
make all 
'Building file: ../src/helloworld.c'
'Invoking: MicroBlaze gcc compiler'
mb-gcc -Wall -O0 -g3 -c -fmessage-length=0 -I../../hello_world_bsp/microblaze_0/include -mlittle-endian -mxl-barrel-shift -mxl-pattern-compare -mcpu=v8.50.b -mno-xl-soft-mul -Wl,--no-relax -ffunction-sections -fdata-sections -MMD -MP -MF"src/helloworld.d" -MT"src/helloworld.d" -o "src/helloworld.o" "../src/helloworld.c"
'Finished building: ../src/helloworld.c'
' '
'Building target: hello_world.elf'
'Invoking: MicroBlaze gcc linker'
mb-gcc -Wl,-T -Wl,../src/lscript.ld -L../../hello_world_bsp/microblaze_0/lib -mlittle-endian -mxl-barrel-shift -mxl-pattern-compare -mcpu=v8.50.b -mno-xl-soft-mul -Wl,--no-relax -Wl,--gc-sections -o "hello_world.elf"  ./src/helloworld.o ./src/platform.o ./src/vga_periph_mem.o   -Wl,--start-group,-lxil,-lgcc,-lc,--end-group
'Finished building target: hello_world.elf'
' '
'Invoking: MicroBlaze Print Size'
mb-size hello_world.elf  |tee "hello_world.elf.size"
   text	   data	    bss	    dec	    hex	filename
   3426	    268	   2098	   5792	   16a0	hello_world.elf
'Finished building: hello_world.elf.size'
' '
'Invoking: Xilinx ELF Check'
elfcheck hello_world.elf -hw ../../basic_system_hw_platform/system.xml -pe microblaze_0  |tee "hello_world.elf.elfcheck"
elfcheck
Xilinx EDK 14.6 Build EDK_P.68d
Copyright (c) 1995-2012 Xilinx, Inc.  All rights reserved.

Command Line: elfcheck -hw ../../basic_system_hw_platform/system.xml -pe
microblaze_0 hello_world.elf 

ELF file	: hello_world.elf
elfcheck passed.
'Finished building: hello_world.elf.elfcheck'
' '
